// Jest Snapshot v1, https://goo.gl/fbAQLP

exports[`renders Canvas component 1`] = `
.c0 {
  position: relative;
  min-height: 100vh;
}

<div
  className="c0"
>
  Content
</div>
`;
