// Jest Snapshot v1, https://goo.gl/fbAQLP

exports[`renders Card component 1`] = `
.c0 {
  display: -webkit-box;
  display: -webkit-flex;
  display: -ms-flexbox;
  display: flex;
  -webkit-box-pack: center;
  -webkit-justify-content: center;
  -ms-flex-pack: center;
  justify-content: center;
  -webkit-align-items: center;
  -webkit-box-align: center;
  -ms-flex-align: center;
  align-items: center;
  font-family: 'Lato',sans-serif;
  font-weight: 600;
  outline: none;
  font-size: 15px;
  line-height: 1;
  cursor: pointer;
  width: 100%;
  background-color: #ffffff;
  color: #16111C;
  padding: 40px;
  border: 1px solid #16111C;
  -webkit-transition: 0.2s ease-in-out;
  transition: 0.2s ease-in-out;
  -webkit-user-select: none;
  -moz-user-select: none;
  -ms-user-select: none;
  user-select: none;
  margin-bottom: 20px;
}

.c0:hover {
  background-color: #16111C;
  color: #ffffff;
}

<div
  className="c0"
>
  Content
</div>
`;
